// Jest Snapshot v1, https://goo.gl/fbAQLP

exports[`Snapshot 1`] = `
Object {
  "Parameters": Object {
    "AssetParametersaa5453c49b62a5584d797e3a60d0133541fb1e0fc6363fcf94c03ba49c3417bfArtifactHash7781280A": Object {
      "Description": "Artifact hash for asset \\"aa5453c49b62a5584d797e3a60d0133541fb1e0fc6363fcf94c03ba49c3417bf\\"",
      "Type": "String",
    },
    "AssetParametersaa5453c49b62a5584d797e3a60d0133541fb1e0fc6363fcf94c03ba49c3417bfS3BucketECE50864": Object {
      "Description": "S3 bucket for asset \\"aa5453c49b62a5584d797e3a60d0133541fb1e0fc6363fcf94c03ba49c3417bf\\"",
      "Type": "String",
    },
    "AssetParametersaa5453c49b62a5584d797e3a60d0133541fb1e0fc6363fcf94c03ba49c3417bfS3VersionKey717C85FF": Object {
      "Description": "S3 key for asset version \\"aa5453c49b62a5584d797e3a60d0133541fb1e0fc6363fcf94c03ba49c3417bf\\"",
      "Type": "String",
    },
  },
  "Resources": Object {
    "TagOption261b16dc50fc": Object {
      "Properties": Object {
        "Active": true,
        "Key": "czStage",
        "Value": "production",
      },
      "Type": "AWS::ServiceCatalog::TagOption",
    },
    "TagOption34c4a21adf82": Object {
      "Properties": Object {
        "Active": true,
        "Key": "czStage",
        "Value": "qa",
      },
      "Type": "AWS::ServiceCatalog::TagOption",
    },
    "TagOption398cbd481f15": Object {
      "Properties": Object {
        "Active": true,
        "Key": "czOwner",
        "Value": "skbio",
      },
      "Type": "AWS::ServiceCatalog::TagOption",
    },
    "TagOption672cfa6a2bb5": Object {
      "Properties": Object {
        "Active": true,
        "Key": "czOwner",
        "Value": "skb",
      },
      "Type": "AWS::ServiceCatalog::TagOption",
    },
    "TagOption6d2f53e2cb24": Object {
      "Properties": Object {
        "Active": true,
        "Key": "czOwner",
        "Value": "skmagic",
      },
      "Type": "AWS::ServiceCatalog::TagOption",
    },
    "TagOption6e05492e798e": Object {
      "Properties": Object {
        "Active": true,
        "Key": "czStage",
        "Value": "staging",
      },
      "Type": "AWS::ServiceCatalog::TagOption",
    },
    "TagOption6e6fa7173c5e": Object {
      "Properties": Object {
        "Active": true,
        "Key": "czOwner",
        "Value": "sknetworks",
      },
      "Type": "AWS::ServiceCatalog::TagOption",
    },
    "TagOption71ade984e808": Object {
      "Properties": Object {
        "Active": true,
        "Key": "czStage",
        "Value": "dev",
      },
      "Type": "AWS::ServiceCatalog::TagOption",
    },
    "TagOption807e7510d8cf": Object {
      "Properties": Object {
        "Active": true,
        "Key": "czOwner",
        "Value": "skcamical",
      },
      "Type": "AWS::ServiceCatalog::TagOption",
    },
    "TagOptionae6b9a23a62c": Object {
      "Properties": Object {
        "Active": true,
        "Key": "czOwner",
        "Value": "skens",
      },
      "Type": "AWS::ServiceCatalog::TagOption",
    },
    "awstfportfolioC1A9E9F2": Object {
      "Properties": Object {
        "AcceptLanguage": "en",
        "Description": "Service Catalog: EC2 Reference Architecture",
        "DisplayName": "awstf-portfolio",
        "ProviderName": "Cloud Infra Team",
      },
      "Type": "AWS::ServiceCatalog::Portfolio",
    },
    "awstfportfolioPortfolioProductAssociation73af09c5b19974CD742C": Object {
      "Properties": Object {
        "PortfolioId": Object {
          "Ref": "awstfportfolioC1A9E9F2",
        },
        "ProductId": Object {
          "Ref": "scs3cidrrajson0D2692C7",
        },
      },
      "Type": "AWS::ServiceCatalog::PortfolioProductAssociation",
    },
    "awstfportfolioStackSetConstraint73af09c5b199565737CC": Object {
      "DependsOn": Array [
        "awstfportfolioPortfolioProductAssociation73af09c5b19974CD742C",
      ],
      "Properties": Object {
        "AccountList": Array [
          "856556794427",
        ],
        "AdminRole": Object {
          "Fn::Join": Array [
            "",
            Array [
              "arn:aws:iam::",
              Object {
                "Ref": "AWS::AccountId",
              },
              ":role/AWSCloudFormationStackSetAdministrationRole",
            ],
          ],
        },
        "Description": "",
        "ExecutionRole": "AWSCloudFormationStackSetExecutionRole",
        "PortfolioId": Object {
          "Ref": "awstfportfolioC1A9E9F2",
        },
        "ProductId": Object {
          "Ref": "scs3cidrrajson0D2692C7",
        },
        "RegionList": Array [
          "ap-northeast-2",
        ],
        "StackInstanceControl": "ALLOWED",
      },
      "Type": "AWS::ServiceCatalog::StackSetConstraint",
    },
    "awstfportfolioTagOptionAssociation5cb7502c070a0D3DE9FF": Object {
      "Properties": Object {
        "ResourceId": Object {
          "Ref": "awstfportfolioC1A9E9F2",
        },
        "TagOptionId": Object {
          "Ref": "TagOption6e6fa7173c5e",
        },
      },
      "Type": "AWS::ServiceCatalog::TagOptionAssociation",
    },
    "awstfportfolioTagOptionAssociation634d5f8c951417566A92": Object {
      "Properties": Object {
        "ResourceId": Object {
          "Ref": "awstfportfolioC1A9E9F2",
        },
        "TagOptionId": Object {
          "Ref": "TagOption71ade984e808",
        },
      },
      "Type": "AWS::ServiceCatalog::TagOptionAssociation",
    },
    "awstfportfolioTagOptionAssociation79c4901f167c9EC0BE68": Object {
      "Properties": Object {
        "ResourceId": Object {
          "Ref": "awstfportfolioC1A9E9F2",
        },
        "TagOptionId": Object {
          "Ref": "TagOption398cbd481f15",
        },
      },
      "Type": "AWS::ServiceCatalog::TagOptionAssociation",
    },
    "awstfportfolioTagOptionAssociation7cc4ea364d2d8B74E43A": Object {
      "Properties": Object {
        "ResourceId": Object {
          "Ref": "awstfportfolioC1A9E9F2",
        },
        "TagOptionId": Object {
          "Ref": "TagOption6e05492e798e",
        },
      },
      "Type": "AWS::ServiceCatalog::TagOptionAssociation",
    },
    "awstfportfolioTagOptionAssociationa1661c891e51543A2B18": Object {
      "Properties": Object {
        "ResourceId": Object {
          "Ref": "awstfportfolioC1A9E9F2",
        },
        "TagOptionId": Object {
          "Ref": "TagOption261b16dc50fc",
        },
      },
      "Type": "AWS::ServiceCatalog::TagOptionAssociation",
    },
    "awstfportfolioTagOptionAssociationb28c5f615b671F2F765B": Object {
      "Properties": Object {
        "ResourceId": Object {
          "Ref": "awstfportfolioC1A9E9F2",
        },
        "TagOptionId": Object {
          "Ref": "TagOption672cfa6a2bb5",
        },
      },
      "Type": "AWS::ServiceCatalog::TagOptionAssociation",
    },
    "awstfportfolioTagOptionAssociationc79d57e142019E5ACCE9": Object {
      "Properties": Object {
        "ResourceId": Object {
          "Ref": "awstfportfolioC1A9E9F2",
        },
        "TagOptionId": Object {
          "Ref": "TagOption807e7510d8cf",
        },
      },
      "Type": "AWS::ServiceCatalog::TagOptionAssociation",
    },
    "awstfportfolioTagOptionAssociationc865c2c5395b4C2CBA88": Object {
      "Properties": Object {
        "ResourceId": Object {
          "Ref": "awstfportfolioC1A9E9F2",
        },
        "TagOptionId": Object {
          "Ref": "TagOption6d2f53e2cb24",
        },
      },
      "Type": "AWS::ServiceCatalog::TagOptionAssociation",
    },
    "awstfportfolioTagOptionAssociatione903b645999eD6B4F8CA": Object {
      "Properties": Object {
        "ResourceId": Object {
          "Ref": "awstfportfolioC1A9E9F2",
        },
        "TagOptionId": Object {
          "Ref": "TagOption34c4a21adf82",
        },
      },
      "Type": "AWS::ServiceCatalog::TagOptionAssociation",
    },
    "awstfportfolioTagOptionAssociationea07687fd6fbD68B13A6": Object {
      "Properties": Object {
        "ResourceId": Object {
          "Ref": "awstfportfolioC1A9E9F2",
        },
        "TagOptionId": Object {
          "Ref": "TagOptionae6b9a23a62c",
        },
      },
      "Type": "AWS::ServiceCatalog::TagOptionAssociation",
    },
    "scs3cidrrajson0D2692C7": Object {
      "Properties": Object {
        "Name": "sc-s3-cidr-ra.json",
        "Owner": "SK CnC AWS TF Team",
        "ProvisioningArtifactParameters": Array [
          Object {
            "DisableTemplateValidation": false,
            "Info": Object {
              "LoadTemplateFromURL": Object {
                "Fn::Join": Array [
                  "",
                  Array [
                    "https://s3.",
                    Object {
                      "Ref": "AWS::Region",
                    },
                    ".",
                    Object {
                      "Ref": "AWS::URLSuffix",
                    },
                    "/",
                    Object {
                      "Ref": "AssetParametersaa5453c49b62a5584d797e3a60d0133541fb1e0fc6363fcf94c03ba49c3417bfS3BucketECE50864",
                    },
                    "/",
                    Object {
                      "Fn::Select": Array [
                        0,
                        Object {
                          "Fn::Split": Array [
                            "||",
                            Object {
                              "Ref": "AssetParametersaa5453c49b62a5584d797e3a60d0133541fb1e0fc6363fcf94c03ba49c3417bfS3VersionKey717C85FF",
                            },
                          ],
                        },
                      ],
                    },
                    Object {
                      "Fn::Select": Array [
                        1,
                        Object {
                          "Fn::Split": Array [
                            "||",
                            Object {
                              "Ref": "AssetParametersaa5453c49b62a5584d797e3a60d0133541fb1e0fc6363fcf94c03ba49c3417bfS3VersionKey717C85FF",
                            },
                          ],
                        },
                      ],
                    },
                  ],
                ],
              },
            },
            "Name": "v1",
          },
        ],
      },
      "Type": "AWS::ServiceCatalog::CloudFormationProduct",
    },
  },
}
`;
