// Jest Snapshot v1, https://goo.gl/fbAQLP

exports[`Snapshot 1`] = `
Object {
  "Parameters": Object {
    "AssetParameters063856df84cbef6176baf3179efdcb8c6fe85fba60a84ac2138821614258c93fArtifactHashC20626D3": Object {
      "Description": "Artifact hash for asset \\"063856df84cbef6176baf3179efdcb8c6fe85fba60a84ac2138821614258c93f\\"",
      "Type": "String",
    },
    "AssetParameters063856df84cbef6176baf3179efdcb8c6fe85fba60a84ac2138821614258c93fS3BucketBEACFCCE": Object {
      "Description": "S3 bucket for asset \\"063856df84cbef6176baf3179efdcb8c6fe85fba60a84ac2138821614258c93f\\"",
      "Type": "String",
    },
    "AssetParameters063856df84cbef6176baf3179efdcb8c6fe85fba60a84ac2138821614258c93fS3VersionKey01EB0338": Object {
      "Description": "S3 key for asset version \\"063856df84cbef6176baf3179efdcb8c6fe85fba60a84ac2138821614258c93f\\"",
      "Type": "String",
    },
    "AssetParameters378d96fc6f5756c072a44d959147bb3e758196ac1c9c5e8359b753d613e53396ArtifactHash0AE33507": Object {
      "Description": "Artifact hash for asset \\"378d96fc6f5756c072a44d959147bb3e758196ac1c9c5e8359b753d613e53396\\"",
      "Type": "String",
    },
    "AssetParameters378d96fc6f5756c072a44d959147bb3e758196ac1c9c5e8359b753d613e53396S3Bucket80257382": Object {
      "Description": "S3 bucket for asset \\"378d96fc6f5756c072a44d959147bb3e758196ac1c9c5e8359b753d613e53396\\"",
      "Type": "String",
    },
    "AssetParameters378d96fc6f5756c072a44d959147bb3e758196ac1c9c5e8359b753d613e53396S3VersionKeyB14DFFDB": Object {
      "Description": "S3 key for asset version \\"378d96fc6f5756c072a44d959147bb3e758196ac1c9c5e8359b753d613e53396\\"",
      "Type": "String",
    },
    "AssetParametersc2d6db4776d53a66510ef7ff276e287dbb1bdd0e4fc794d19225c24735eee693ArtifactHashF3DAF3DB": Object {
      "Description": "Artifact hash for asset \\"c2d6db4776d53a66510ef7ff276e287dbb1bdd0e4fc794d19225c24735eee693\\"",
      "Type": "String",
    },
    "AssetParametersc2d6db4776d53a66510ef7ff276e287dbb1bdd0e4fc794d19225c24735eee693S3BucketB0FF707B": Object {
      "Description": "S3 bucket for asset \\"c2d6db4776d53a66510ef7ff276e287dbb1bdd0e4fc794d19225c24735eee693\\"",
      "Type": "String",
    },
    "AssetParametersc2d6db4776d53a66510ef7ff276e287dbb1bdd0e4fc794d19225c24735eee693S3VersionKey699D32A6": Object {
      "Description": "S3 key for asset version \\"c2d6db4776d53a66510ef7ff276e287dbb1bdd0e4fc794d19225c24735eee693\\"",
      "Type": "String",
    },
    "AssetParametersc8edf8a7a81602c54713a11c442204989f10a35bf6441bcfaa96fc2ccd746683ArtifactHash614F0A8C": Object {
      "Description": "Artifact hash for asset \\"c8edf8a7a81602c54713a11c442204989f10a35bf6441bcfaa96fc2ccd746683\\"",
      "Type": "String",
    },
    "AssetParametersc8edf8a7a81602c54713a11c442204989f10a35bf6441bcfaa96fc2ccd746683S3Bucket7FDFF85B": Object {
      "Description": "S3 bucket for asset \\"c8edf8a7a81602c54713a11c442204989f10a35bf6441bcfaa96fc2ccd746683\\"",
      "Type": "String",
    },
    "AssetParametersc8edf8a7a81602c54713a11c442204989f10a35bf6441bcfaa96fc2ccd746683S3VersionKey96E85A2B": Object {
      "Description": "S3 key for asset version \\"c8edf8a7a81602c54713a11c442204989f10a35bf6441bcfaa96fc2ccd746683\\"",
      "Type": "String",
    },
  },
  "Resources": Object {
    "TagOption261b16dc50fc": Object {
      "Properties": Object {
        "Active": true,
        "Key": "czStage",
        "Value": "production",
      },
      "Type": "AWS::ServiceCatalog::TagOption",
    },
    "TagOption34c4a21adf82": Object {
      "Properties": Object {
        "Active": true,
        "Key": "czStage",
        "Value": "qa",
      },
      "Type": "AWS::ServiceCatalog::TagOption",
    },
    "TagOption398cbd481f15": Object {
      "Properties": Object {
        "Active": true,
        "Key": "czOwner",
        "Value": "skbio",
      },
      "Type": "AWS::ServiceCatalog::TagOption",
    },
    "TagOption672cfa6a2bb5": Object {
      "Properties": Object {
        "Active": true,
        "Key": "czOwner",
        "Value": "skb",
      },
      "Type": "AWS::ServiceCatalog::TagOption",
    },
    "TagOption6d2f53e2cb24": Object {
      "Properties": Object {
        "Active": true,
        "Key": "czOwner",
        "Value": "skmagic",
      },
      "Type": "AWS::ServiceCatalog::TagOption",
    },
    "TagOption6e05492e798e": Object {
      "Properties": Object {
        "Active": true,
        "Key": "czStage",
        "Value": "staging",
      },
      "Type": "AWS::ServiceCatalog::TagOption",
    },
    "TagOption6e6fa7173c5e": Object {
      "Properties": Object {
        "Active": true,
        "Key": "czOwner",
        "Value": "sknetworks",
      },
      "Type": "AWS::ServiceCatalog::TagOption",
    },
    "TagOption71ade984e808": Object {
      "Properties": Object {
        "Active": true,
        "Key": "czStage",
        "Value": "dev",
      },
      "Type": "AWS::ServiceCatalog::TagOption",
    },
    "TagOption807e7510d8cf": Object {
      "Properties": Object {
        "Active": true,
        "Key": "czOwner",
        "Value": "skcamical",
      },
      "Type": "AWS::ServiceCatalog::TagOption",
    },
    "TagOptionae6b9a23a62c": Object {
      "Properties": Object {
        "Active": true,
        "Key": "czOwner",
        "Value": "skens",
      },
      "Type": "AWS::ServiceCatalog::TagOption",
    },
    "awstfportfolioC1A9E9F2": Object {
      "Properties": Object {
        "AcceptLanguage": "en",
        "Description": "Service Catalog: EC2 Reference Architecture",
        "DisplayName": "awstf-portfolio",
        "ProviderName": "Cloud Infra Team",
      },
      "Type": "AWS::ServiceCatalog::Portfolio",
    },
    "awstfportfolioPortfolioProductAssociation0b601cf252531589A2D0": Object {
      "Properties": Object {
        "PortfolioId": Object {
          "Ref": "awstfportfolioC1A9E9F2",
        },
        "ProductId": Object {
          "Ref": "linuxremoteaccessjson90ECE4F4",
        },
      },
      "Type": "AWS::ServiceCatalog::PortfolioProductAssociation",
    },
    "awstfportfolioPortfolioProductAssociationa47825888c2f4AB32A75": Object {
      "Properties": Object {
        "PortfolioId": Object {
          "Ref": "awstfportfolioC1A9E9F2",
        },
        "ProductId": Object {
          "Ref": "linuxnginxnokeypairjsonFAFF10AD",
        },
      },
      "Type": "AWS::ServiceCatalog::PortfolioProductAssociation",
    },
    "awstfportfolioPortfolioProductAssociationa963cc00711c23502CA9": Object {
      "Properties": Object {
        "PortfolioId": Object {
          "Ref": "awstfportfolioC1A9E9F2",
        },
        "ProductId": Object {
          "Ref": "windowremoteaccsssjson5A45DF8D",
        },
      },
      "Type": "AWS::ServiceCatalog::PortfolioProductAssociation",
    },
    "awstfportfolioPortfolioProductAssociationca9316e2def7F4551DC6": Object {
      "Properties": Object {
        "PortfolioId": Object {
          "Ref": "awstfportfolioC1A9E9F2",
        },
        "ProductId": Object {
          "Ref": "linuxnginxjson2CB8FE87",
        },
      },
      "Type": "AWS::ServiceCatalog::PortfolioProductAssociation",
    },
    "awstfportfolioPortolioPrincipalAssociation06c99ff55d6bD74BD4E2": Object {
      "Properties": Object {
        "PortfolioId": Object {
          "Ref": "awstfportfolioC1A9E9F2",
        },
        "PrincipalARN": Object {
          "Fn::Join": Array [
            "",
            Array [
              "arn:",
              Object {
                "Ref": "AWS::Partition",
              },
              ":iam::",
              Object {
                "Ref": "AWS::AccountId",
              },
              ":group/AdminMasterAccountGroup",
            ],
          ],
        },
        "PrincipalType": "IAM",
      },
      "Type": "AWS::ServiceCatalog::PortfolioPrincipalAssociation",
    },
    "awstfportfolioTagOptionAssociation5cb7502c070a0D3DE9FF": Object {
      "Properties": Object {
        "ResourceId": Object {
          "Ref": "awstfportfolioC1A9E9F2",
        },
        "TagOptionId": Object {
          "Ref": "TagOption6e6fa7173c5e",
        },
      },
      "Type": "AWS::ServiceCatalog::TagOptionAssociation",
    },
    "awstfportfolioTagOptionAssociation634d5f8c951417566A92": Object {
      "Properties": Object {
        "ResourceId": Object {
          "Ref": "awstfportfolioC1A9E9F2",
        },
        "TagOptionId": Object {
          "Ref": "TagOption71ade984e808",
        },
      },
      "Type": "AWS::ServiceCatalog::TagOptionAssociation",
    },
    "awstfportfolioTagOptionAssociation79c4901f167c9EC0BE68": Object {
      "Properties": Object {
        "ResourceId": Object {
          "Ref": "awstfportfolioC1A9E9F2",
        },
        "TagOptionId": Object {
          "Ref": "TagOption398cbd481f15",
        },
      },
      "Type": "AWS::ServiceCatalog::TagOptionAssociation",
    },
    "awstfportfolioTagOptionAssociation7cc4ea364d2d8B74E43A": Object {
      "Properties": Object {
        "ResourceId": Object {
          "Ref": "awstfportfolioC1A9E9F2",
        },
        "TagOptionId": Object {
          "Ref": "TagOption6e05492e798e",
        },
      },
      "Type": "AWS::ServiceCatalog::TagOptionAssociation",
    },
    "awstfportfolioTagOptionAssociationa1661c891e51543A2B18": Object {
      "Properties": Object {
        "ResourceId": Object {
          "Ref": "awstfportfolioC1A9E9F2",
        },
        "TagOptionId": Object {
          "Ref": "TagOption261b16dc50fc",
        },
      },
      "Type": "AWS::ServiceCatalog::TagOptionAssociation",
    },
    "awstfportfolioTagOptionAssociationb28c5f615b671F2F765B": Object {
      "Properties": Object {
        "ResourceId": Object {
          "Ref": "awstfportfolioC1A9E9F2",
        },
        "TagOptionId": Object {
          "Ref": "TagOption672cfa6a2bb5",
        },
      },
      "Type": "AWS::ServiceCatalog::TagOptionAssociation",
    },
    "awstfportfolioTagOptionAssociationc79d57e142019E5ACCE9": Object {
      "Properties": Object {
        "ResourceId": Object {
          "Ref": "awstfportfolioC1A9E9F2",
        },
        "TagOptionId": Object {
          "Ref": "TagOption807e7510d8cf",
        },
      },
      "Type": "AWS::ServiceCatalog::TagOptionAssociation",
    },
    "awstfportfolioTagOptionAssociationc865c2c5395b4C2CBA88": Object {
      "Properties": Object {
        "ResourceId": Object {
          "Ref": "awstfportfolioC1A9E9F2",
        },
        "TagOptionId": Object {
          "Ref": "TagOption6d2f53e2cb24",
        },
      },
      "Type": "AWS::ServiceCatalog::TagOptionAssociation",
    },
    "awstfportfolioTagOptionAssociatione903b645999eD6B4F8CA": Object {
      "Properties": Object {
        "ResourceId": Object {
          "Ref": "awstfportfolioC1A9E9F2",
        },
        "TagOptionId": Object {
          "Ref": "TagOption34c4a21adf82",
        },
      },
      "Type": "AWS::ServiceCatalog::TagOptionAssociation",
    },
    "awstfportfolioTagOptionAssociationea07687fd6fbD68B13A6": Object {
      "Properties": Object {
        "ResourceId": Object {
          "Ref": "awstfportfolioC1A9E9F2",
        },
        "TagOptionId": Object {
          "Ref": "TagOptionae6b9a23a62c",
        },
      },
      "Type": "AWS::ServiceCatalog::TagOptionAssociation",
    },
    "linuxnginxjson2CB8FE87": Object {
      "Properties": Object {
        "Name": "linux-nginx.json",
        "Owner": "SK CnC AWS TF Team",
        "ProvisioningArtifactParameters": Array [
          Object {
            "DisableTemplateValidation": false,
            "Info": Object {
              "LoadTemplateFromURL": Object {
                "Fn::Join": Array [
                  "",
                  Array [
                    "https://s3.",
                    Object {
                      "Ref": "AWS::Region",
                    },
                    ".",
                    Object {
                      "Ref": "AWS::URLSuffix",
                    },
                    "/",
                    Object {
                      "Ref": "AssetParameters063856df84cbef6176baf3179efdcb8c6fe85fba60a84ac2138821614258c93fS3BucketBEACFCCE",
                    },
                    "/",
                    Object {
                      "Fn::Select": Array [
                        0,
                        Object {
                          "Fn::Split": Array [
                            "||",
                            Object {
                              "Ref": "AssetParameters063856df84cbef6176baf3179efdcb8c6fe85fba60a84ac2138821614258c93fS3VersionKey01EB0338",
                            },
                          ],
                        },
                      ],
                    },
                    Object {
                      "Fn::Select": Array [
                        1,
                        Object {
                          "Fn::Split": Array [
                            "||",
                            Object {
                              "Ref": "AssetParameters063856df84cbef6176baf3179efdcb8c6fe85fba60a84ac2138821614258c93fS3VersionKey01EB0338",
                            },
                          ],
                        },
                      ],
                    },
                  ],
                ],
              },
            },
            "Name": "v1",
          },
        ],
      },
      "Type": "AWS::ServiceCatalog::CloudFormationProduct",
    },
    "linuxnginxnokeypairjsonFAFF10AD": Object {
      "Properties": Object {
        "Name": "linux-nginx-nokeypair.json",
        "Owner": "SK CnC AWS TF Team",
        "ProvisioningArtifactParameters": Array [
          Object {
            "DisableTemplateValidation": false,
            "Info": Object {
              "LoadTemplateFromURL": Object {
                "Fn::Join": Array [
                  "",
                  Array [
                    "https://s3.",
                    Object {
                      "Ref": "AWS::Region",
                    },
                    ".",
                    Object {
                      "Ref": "AWS::URLSuffix",
                    },
                    "/",
                    Object {
                      "Ref": "AssetParametersc8edf8a7a81602c54713a11c442204989f10a35bf6441bcfaa96fc2ccd746683S3Bucket7FDFF85B",
                    },
                    "/",
                    Object {
                      "Fn::Select": Array [
                        0,
                        Object {
                          "Fn::Split": Array [
                            "||",
                            Object {
                              "Ref": "AssetParametersc8edf8a7a81602c54713a11c442204989f10a35bf6441bcfaa96fc2ccd746683S3VersionKey96E85A2B",
                            },
                          ],
                        },
                      ],
                    },
                    Object {
                      "Fn::Select": Array [
                        1,
                        Object {
                          "Fn::Split": Array [
                            "||",
                            Object {
                              "Ref": "AssetParametersc8edf8a7a81602c54713a11c442204989f10a35bf6441bcfaa96fc2ccd746683S3VersionKey96E85A2B",
                            },
                          ],
                        },
                      ],
                    },
                  ],
                ],
              },
            },
            "Name": "v1",
          },
        ],
      },
      "Type": "AWS::ServiceCatalog::CloudFormationProduct",
    },
    "linuxremoteaccessjson90ECE4F4": Object {
      "Properties": Object {
        "Name": "linux-remote-access.json",
        "Owner": "SK CnC AWS TF Team",
        "ProvisioningArtifactParameters": Array [
          Object {
            "DisableTemplateValidation": false,
            "Info": Object {
              "LoadTemplateFromURL": Object {
                "Fn::Join": Array [
                  "",
                  Array [
                    "https://s3.",
                    Object {
                      "Ref": "AWS::Region",
                    },
                    ".",
                    Object {
                      "Ref": "AWS::URLSuffix",
                    },
                    "/",
                    Object {
                      "Ref": "AssetParameters378d96fc6f5756c072a44d959147bb3e758196ac1c9c5e8359b753d613e53396S3Bucket80257382",
                    },
                    "/",
                    Object {
                      "Fn::Select": Array [
                        0,
                        Object {
                          "Fn::Split": Array [
                            "||",
                            Object {
                              "Ref": "AssetParameters378d96fc6f5756c072a44d959147bb3e758196ac1c9c5e8359b753d613e53396S3VersionKeyB14DFFDB",
                            },
                          ],
                        },
                      ],
                    },
                    Object {
                      "Fn::Select": Array [
                        1,
                        Object {
                          "Fn::Split": Array [
                            "||",
                            Object {
                              "Ref": "AssetParameters378d96fc6f5756c072a44d959147bb3e758196ac1c9c5e8359b753d613e53396S3VersionKeyB14DFFDB",
                            },
                          ],
                        },
                      ],
                    },
                  ],
                ],
              },
            },
            "Name": "v1",
          },
        ],
      },
      "Type": "AWS::ServiceCatalog::CloudFormationProduct",
    },
    "windowremoteaccsssjson5A45DF8D": Object {
      "Properties": Object {
        "Name": "window-remote-accsss.json",
        "Owner": "SK CnC AWS TF Team",
        "ProvisioningArtifactParameters": Array [
          Object {
            "DisableTemplateValidation": false,
            "Info": Object {
              "LoadTemplateFromURL": Object {
                "Fn::Join": Array [
                  "",
                  Array [
                    "https://s3.",
                    Object {
                      "Ref": "AWS::Region",
                    },
                    ".",
                    Object {
                      "Ref": "AWS::URLSuffix",
                    },
                    "/",
                    Object {
                      "Ref": "AssetParametersc2d6db4776d53a66510ef7ff276e287dbb1bdd0e4fc794d19225c24735eee693S3BucketB0FF707B",
                    },
                    "/",
                    Object {
                      "Fn::Select": Array [
                        0,
                        Object {
                          "Fn::Split": Array [
                            "||",
                            Object {
                              "Ref": "AssetParametersc2d6db4776d53a66510ef7ff276e287dbb1bdd0e4fc794d19225c24735eee693S3VersionKey699D32A6",
                            },
                          ],
                        },
                      ],
                    },
                    Object {
                      "Fn::Select": Array [
                        1,
                        Object {
                          "Fn::Split": Array [
                            "||",
                            Object {
                              "Ref": "AssetParametersc2d6db4776d53a66510ef7ff276e287dbb1bdd0e4fc794d19225c24735eee693S3VersionKey699D32A6",
                            },
                          ],
                        },
                      ],
                    },
                  ],
                ],
              },
            },
            "Name": "v1",
          },
        ],
      },
      "Type": "AWS::ServiceCatalog::CloudFormationProduct",
    },
  },
}
`;
